ground E=-2.8997030024, residual=6.869e-10; (88, 88, 81), flux=0.295GiB
/playpen/shiqiu/task-jiukongdian/python/torch_backend.py:21: UserWarning: Sparse invariant checks are implicitly disabled. Memory errors (e.g. SEGFAULT) will occur when operating on a sparse tensor which violates the invariants, but checks incur performance overhead. To silence this warning, explicitly opt in or out. See `torch.sparse.check_sparse_tensor_invariants.__doc__` for guidance.  (Triggered internally at /pytorch/aten/src/ATen/Context.cpp:760.)
  return torch.sparse_csr_tensor(torch.as_tensor(A.indptr.astype(np.int64),device=self.device),
/playpen/shiqiu/task-jiukongdian/python/torch_backend.py:21: UserWarning: Sparse CSR tensor support is in beta state. If you miss a functionality in the sparse tensor support, please submit a feature request to https://github.com/pytorch/pytorch/issues. (Triggered internally at /pytorch/aten/src/ATen/SparseCsrTensorImpl.cpp:49.)
  return torch.sparse_csr_tensor(torch.as_tensor(A.indptr.astype(np.int64),device=self.device),
3D 200/2216, inner norm=1.00000000, Pg=0.99999658, wall=31.5s
3D 400/2216, inner norm=1.00000000, Pg=0.99994637, wall=66.8s
3D 600/2216, inner norm=0.99999997, Pg=0.99988191, wall=92.3s
3D 800/2216, inner norm=0.99999616, Pg=0.99987256, wall=111.2s
3D 1000/2216, inner norm=0.99995176, Pg=0.99987256, wall=128.4s
3D 1200/2216, inner norm=0.99988585, Pg=0.99987256, wall=152.0s
3D 1400/2216, inner norm=0.99987348, Pg=0.99987256, wall=178.8s
3D 1600/2216, inner norm=0.99987269, Pg=0.99987256, wall=206.5s
3D 1800/2216, inner norm=0.99987258, Pg=0.99987256, wall=246.8s
3D 2000/2216, inner norm=0.99987258, Pg=0.99987256, wall=274.6s
3D 2200/2216, inner norm=0.99987257, Pg=0.99987256, wall=301.5s
3D 2216/2216, inner norm=0.99987257, Pg=0.99987256, wall=303.7s
ground E=-2.8997030024, residual=6.869e-10; (88, 88, 81), flux=0.295GiB
3D 200/2216, inner norm=1.00000000, Pg=0.99999658, wall=36.3s
3D 400/2216, inner norm=1.00000000, Pg=0.99994637, wall=77.4s
3D 600/2216, inner norm=0.99999997, Pg=0.99988191, wall=117.1s
3D 800/2216, inner norm=0.99999616, Pg=0.99987256, wall=153.9s
3D 1000/2216, inner norm=0.99995176, Pg=0.99987256, wall=180.1s
3D 1200/2216, inner norm=0.99988585, Pg=0.99987256, wall=207.6s
3D 1400/2216, inner norm=0.99987348, Pg=0.99987256, wall=234.2s
3D 1600/2216, inner norm=0.99987269, Pg=0.99987256, wall=260.9s
3D 1800/2216, inner norm=0.99987258, Pg=0.99987256, wall=288.5s
3D 2000/2216, inner norm=0.99987258, Pg=0.99987256, wall=315.0s
3D 2200/2216, inner norm=0.99987257, Pg=0.99987256, wall=342.8s
3D 2216/2216, inner norm=0.99987257, Pg=0.99987256, wall=343.5s
