START ion_2p_co
/playpen/shiqiu/task-jiukongdian/python/ionic_tdse.py:49: UserWarning: Sparse invariant checks are implicitly disabled. Memory errors (e.g. SEGFAULT) will occur when operating on a sparse tensor which violates the invariants, but checks incur performance overhead. To silence this warning, explicitly opt in or out. See `torch.sparse.check_sparse_tensor_invariants.__doc__` for guidance.  (Triggered internally at /pytorch/aten/src/ATen/Context.cpp:760.)
  self.H=torch.sparse_csr_tensor(self.ptr,self.col,values,size=(self.size,self.size),device=self.device,check_invariants=False)
/playpen/shiqiu/task-jiukongdian/python/ionic_tdse.py:49: UserWarning: Sparse CSR tensor support is in beta state. If you miss a functionality in the sparse tensor support, please submit a feature request to https://github.com/pytorch/pytorch/issues. (Triggered internally at /pytorch/aten/src/ATen/SparseCsrTensorImpl.cpp:49.)
  self.H=torch.sparse_csr_tensor(self.ptr,self.col,values,size=(self.size,self.size),device=self.device,check_invariants=False)
ION 1000/40535, P3p=4.796607e-17, P3d=3.82e-08, wall=45.6s
ION 2000/40535, P3p=1.22267e-14, P3d=6.09e-07, wall=91.6s
ION 3000/40535, P3p=3.0024e-13, P3d=3.02e-06, wall=137.6s
ION 4000/40535, P3p=2.837713e-12, P3d=9.28e-06, wall=181.6s
ION 5000/40535, P3p=1.57198e-11, P3d=2.18e-05, wall=225.1s
ION 6000/40535, P3p=6.184835e-11, P3d=4.33e-05, wall=268.9s
ION 7000/40535, P3p=1.909127e-10, P3d=7.61e-05, wall=312.7s
ION 8000/40535, P3p=4.913796e-10, P3d=0.000122, wall=359.7s
ION 9000/40535, P3p=1.095558e-09, P3d=0.000182, wall=405.2s
ION 10000/40535, P3p=2.172917e-09, P3d=0.000257, wall=452.7s
ION 11000/40535, P3p=3.905247e-09, P3d=0.000344, wall=507.9s
ION 12000/40535, P3p=6.446218e-09, P3d=0.000442, wall=559.5s
ION 13000/40535, P3p=9.872863e-09, P3d=0.000547, wall=611.6s
ION 14000/40535, P3p=1.413307e-08, P3d=0.000655, wall=667.9s
ION 15000/40535, P3p=1.902734e-08, P3d=0.00076, wall=719.3s
ION 16000/40535, P3p=2.418951e-08, P3d=0.000856, wall=774.1s
ION 17000/40535, P3p=2.91488e-08, P3d=0.00094, wall=829.0s
ION 18000/40535, P3p=3.336098e-08, P3d=0.00101, wall=880.1s
ION 19000/40535, P3p=3.634043e-08, P3d=0.00105, wall=928.1s
ION 20000/40535, P3p=3.770319e-08, P3d=0.00107, wall=977.1s
ION 21000/40535, P3p=3.728795e-08, P3d=0.00106, wall=1023.6s
ION 22000/40535, P3p=3.513472e-08, P3d=0.00103, wall=1070.4s
ION 23000/40535, P3p=3.152991e-08, P3d=0.000978, wall=1114.3s
ION 24000/40535, P3p=2.690078e-08, P3d=0.000903, wall=1159.4s
ION 25000/40535, P3p=2.178485e-08, P3d=0.000813, wall=1203.4s
ION 26000/40535, P3p=1.669165e-08, P3d=0.000711, wall=1246.9s
ION 27000/40535, P3p=1.205796e-08, P3d=0.000605, wall=1290.6s
ION 28000/40535, P3p=8.169051e-09, P3d=0.000498, wall=1333.8s
ION 29000/40535, P3p=5.156976e-09, P3d=0.000396, wall=1378.5s
ION 30000/40535, P3p=3.007271e-09, P3d=0.000302, wall=1423.4s
ION 31000/40535, P3p=1.601304e-09, P3d=0.00022, wall=1468.3s
ION 32000/40535, P3p=7.666549e-10, P3d=0.000153, wall=1512.8s
ION 33000/40535, P3p=3.228048e-10, P3d=9.9e-05, wall=1556.5s
ION 34000/40535, P3p=1.159196e-10, P3d=5.93e-05, wall=1600.2s
ION 35000/40535, P3p=3.384411e-11, P3d=3.21e-05, wall=1644.2s
ION 36000/40535, P3p=7.465018e-12, P3d=1.51e-05, wall=1689.4s
ION 37000/40535, P3p=1.089068e-12, P3d=5.74e-06, wall=1732.8s
ION 38000/40535, P3p=8.153291e-14, P3d=1.56e-06, wall=1775.0s
ION 39000/40535, P3p=1.636968e-15, P3d=2.12e-07, wall=1817.7s
ION 40000/40535, P3p=7.38161e-19, P3d=3.16e-09, wall=1859.6s
ION 40535/40535, P3p=4.641421e-21, P3d=1.94e-14, wall=1883.0s
FINISHED ion_2p_co
START ion_2p_counter
ION 1000/40535, P3p=5.784365e-17, P3d=1.04e-08, wall=42.5s
ION 2000/40535, P3p=4.255996e-14, P3d=1.66e-07, wall=85.6s
ION 3000/40535, P3p=2.21648e-12, P3d=8.23e-07, wall=128.3s
ION 4000/40535, P3p=3.680164e-11, P3d=2.53e-06, wall=169.5s
ION 5000/40535, P3p=3.210492e-10, P3d=5.96e-06, wall=213.6s
ION 6000/40535, P3p=1.848573e-09, P3d=1.18e-05, wall=256.4s
ION 7000/40535, P3p=7.940314e-09, P3d=2.08e-05, wall=296.7s
ION 8000/40535, P3p=2.737352e-08, P3d=3.33e-05, wall=338.9s
ION 9000/40535, P3p=7.938709e-08, P3d=4.97e-05, wall=379.7s
ION 10000/40535, P3p=2.000444e-07, P3d=7e-05, wall=421.3s
ION 11000/40535, P3p=4.484281e-07, P3d=9.39e-05, wall=465.4s
ION 12000/40535, P3p=9.106726e-07, P3d=0.000121, wall=507.1s
ION 13000/40535, P3p=1.700345e-06, P3d=0.000149, wall=547.9s
ION 14000/40535, P3p=2.954554e-06, P3d=0.000179, wall=589.2s
ION 15000/40535, P3p=4.825116e-06, P3d=0.000207, wall=631.8s
ION 16000/40535, P3p=7.463317e-06, P3d=0.000234, wall=674.4s
ION 17000/40535, P3p=1.099819e-05, P3d=0.000257, wall=717.5s
ION 18000/40535, P3p=1.551334e-05, P3d=0.000274, wall=758.8s
ION 19000/40535, P3p=2.103125e-05, P3d=0.000286, wall=800.2s
ION 20000/40535, P3p=2.751012e-05, P3d=0.000292, wall=842.5s
ION 21000/40535, P3p=3.484779e-05, P3d=0.00029, wall=884.4s
ION 22000/40535, P3p=4.288479e-05, P3d=0.000282, wall=926.0s
ION 23000/40535, P3p=5.140789e-05, P3d=0.000267, wall=967.5s
ION 24000/40535, P3p=6.01644e-05, P3d=0.000246, wall=1009.4s
ION 25000/40535, P3p=6.888955e-05, P3d=0.000222, wall=1050.2s
ION 26000/40535, P3p=7.733568e-05, P3d=0.000194, wall=1090.7s
ION 27000/40535, P3p=8.52882e-05, P3d=0.000165, wall=1131.0s
ION 28000/40535, P3p=9.256782e-05, P3d=0.000136, wall=1172.1s
ION 29000/40535, P3p=9.902927e-05, P3d=0.000108, wall=1213.4s
ION 30000/40535, P3p=0.0001045663, P3d=8.24e-05, wall=1255.0s
ION 31000/40535, P3p=0.0001091218, P3d=6.01e-05, wall=1296.2s
ION 32000/40535, P3p=0.0001126966, P3d=4.16e-05, wall=1338.7s
ION 33000/40535, P3p=0.0001153501, P3d=2.7e-05, wall=1380.3s
ION 34000/40535, P3p=0.0001171923, P3d=1.62e-05, wall=1421.3s
ION 35000/40535, P3p=0.0001183697, P3d=8.74e-06, wall=1464.0s
ION 36000/40535, P3p=0.000119046, P3d=4.1e-06, wall=1505.4s
ION 37000/40535, P3p=0.0001193822, P3d=1.56e-06, wall=1548.1s
ION 38000/40535, P3p=0.0001195174, P3d=4.24e-07, wall=1590.4s
ION 39000/40535, P3p=0.0001195555, P3d=5.78e-08, wall=1633.7s
ION 40000/40535, P3p=0.0001195605, P3d=8.7e-10, wall=1675.9s
ION 40535/40535, P3p=0.0001195606, P3d=1.16e-15, wall=1697.8s
FINISHED ion_2p_counter
