/playpen/shiqiu/task-jiukongdian/python/torch_backend.py:21: UserWarning: Sparse invariant checks are implicitly disabled. Memory errors (e.g. SEGFAULT) will occur when operating on a sparse tensor which violates the invariants, but checks incur performance overhead. To silence this warning, explicitly opt in or out. See `torch.sparse.check_sparse_tensor_invariants.__doc__` for guidance.  (Triggered internally at /pytorch/aten/src/ATen/Context.cpp:760.)
  return torch.sparse_csr_tensor(torch.as_tensor(A.indptr.astype(np.int64),device=self.device),
/playpen/shiqiu/task-jiukongdian/python/torch_backend.py:21: UserWarning: Sparse CSR tensor support is in beta state. If you miss a functionality in the sparse tensor support, please submit a feature request to https://github.com/pytorch/pytorch/issues. (Triggered internally at /pytorch/aten/src/ATen/SparseCsrTensorImpl.cpp:49.)
  return torch.sparse_csr_tensor(torch.as_tensor(A.indptr.astype(np.int64),device=self.device),
{
  "source_signature": "074d82f84c27241f69fa519f33ae511e44bc878513e081405fd75cddd9ebf7bf",
  "checkpoint_step": 2000,
  "time_au": 239.9828646874964,
  "dt_au": 0.1199914323437482,
  "vector_potential": [
    0.0,
    0.0,
    -0.02432228723868927
  ],
  "full_vs_two_half_relative_L2": 2.8286864426344605e-05,
  "richardson_fine_local_error_estimate": 1.885790961756307e-06,
  "maximum_true_linear_residual": 2.817373016399522e-15,
  "seconds": 43.3667075810954,
  "scope": "Actual correlated state, local step doubling without phase fitting; not a global spectrum-convergence certificate."
}
