{
  "bandwidth": [
    {
      "support_cycles": 8,
      "intensity_FWHM_cycles": 2.912453310191014,
      "duration_as": 810.5759178985213,
      "Fourier_FWHM_au": 0.2701092337725509,
      "TDSE_FWHM_au": 0.27377609996482
    },
    {
      "support_cycles": 24,
      "intensity_FWHM_cycles": 8.737359930573042,
      "duration_as": 2431.7277536955644,
      "Fourier_FWHM_au": 0.09003641125751698,
      "TDSE_FWHM_au": 0.09000142327713756
    }
  ],
  "circular": {
    "mirror_max_relative_error": 1.8005234042839238e-11,
    "azimuthal_modes": [
      {
        "polarization": "sigma+",
        "m_values": [
          0,
          1,
          2,
          3,
          4,
          5,
          6,
          7,
          8,
          9,
          10,
          11,
          12,
          13,
          14,
          15,
          -16,
          -15,
          -14,
          -13,
          -12,
          -11,
          -10,
          -9,
          -8,
          -7,
          -6,
          -5,
          -4,
          -3,
          -2,
          -1
        ],
        "normalized_weights": [
          2.920891809841079e-08,
          0.9999999297046032,
          2.9878711652934854e-08,
          4.9263113252162965e-17,
          8.620034642777932e-26,
          1.6492423652768357e-32,
          4.5801911298944915e-32,
          1.3285762981665544e-32,
          4.879873540017899e-32,
          2.496072086516913e-32,
          4.8528931147433417e-32,
          1.65967630098641e-32,
          4.7602994263329197e-32,
          1.7369335190658787e-32,
          4.641536134654814e-32,
          1.60618000116474e-32,
          4.950397255675995e-32,
          1.8786854358423293e-32,
          4.539721959465637e-32,
          1.572350826753794e-32,
          4.876690808137659e-32,
          1.6468036380357301e-32,
          4.5910763588721067e-32,
          1.6659961184253646e-32,
          4.6086402980294506e-32,
          2.1522848502821348e-32,
          4.596261307228313e-32,
          1.4157802281792768e-32,
          8.36240653555293e-32,
          8.295638737754134e-25,
          1.2404929037138506e-16,
          1.1207766997822949e-08
        ],
        "dominant_m": 1,
        "dominant_fraction": 0.9999999297046032
      },
      {
        "polarization": "sigma-",
        "m_values": [
          0,
          1,
          2,
          3,
          4,
          5,
          6,
          7,
          8,
          9,
          10,
          11,
          12,
          13,
          14,
          15,
          -16,
          -15,
          -14,
          -13,
          -12,
          -11,
          -10,
          -9,
          -8,
          -7,
          -6,
          -5,
          -4,
          -3,
          -2,
          -1
        ],
        "normalized_weights": [
          2.9208918099679156e-08,
          1.1207766989864358e-08,
          1.2404929107425073e-16,
          8.295812320609483e-25,
          8.016567332853472e-32,
          1.6510442883246603e-32,
          4.698474687725817e-32,
          2.0741290511245646e-32,
          4.737733420272414e-32,
          1.869604733369743e-32,
          4.59368997614273e-32,
          1.863887964415983e-32,
          4.6924752030991324e-32,
          1.5406391543066515e-32,
          4.807288188651495e-32,
          1.8730521409931249e-32,
          4.975506047920267e-32,
          1.3858395869265e-32,
          4.7595183721102084e-32,
          1.7125419410953013e-32,
          4.691880038896929e-32,
          1.69750718868049e-32,
          4.7661051163104625e-32,
          2.3314118416913506e-32,
          4.6603502776035613e-32,
          1.4997312342719302e-32,
          4.455041973067016e-32,
          1.6611953530181711e-32,
          8.621232927272254e-26,
          4.9263113168533454e-17,
          2.987871165354953e-08,
          0.9999999297046032
        ],
        "dominant_m": -1,
        "dominant_fraction": 0.9999999297046032
      }
    ]
  },
  "convergence": [
    {
      "run": "res_baseline_cf4",
      "ground_energy": -2.897235318783268,
      "ground_residual": 2.093228312654621e-09,
      "lmax": 1,
      "total_Lmax": null,
      "radial_order": 4,
      "channels": 6,
      "nrad": 88,
      "total_peak_energies": [
        0.5947283816615657,
        0.6107011493788905
      ],
      "total_peak_heights": [
        10.547685820635966,
        10.545327382352527
      ],
      "linear_residual": 9.998192973486778e-11
    },
    {
      "run": "res_l6_L2_p4",
      "ground_energy": -2.9030012809902006,
      "ground_residual": 2.867125517633138e-10,
      "lmax": 6,
      "total_Lmax": 2,
      "radial_order": 4,
      "channels": 35,
      "nrad": 116,
      "total_peak_energies": [
        0.5889512158653841,
        0.6049262746880935
      ],
      "total_peak_heights": [
        10.674113196852387,
        10.709205817325117
      ],
      "linear_residual": 9.998233160884414e-11,
      "previous_run": "res_baseline_cf4",
      "change": {
        "relative_yield_change": [
          0.01250337917848543,
          0.014834771452477025
        ],
        "relative_absolute_L1": [
          0.8887906624108703,
          0.4164257030840513
        ],
        "normalized_shape_L1": [
          0.8829532517100682,
          0.4134848159774763
        ]
      },
      "shape_and_yield_2percent_pass": false,
      "maximum_peak_shift": 0.005777165796181594,
      "all_three_gates_pass": false,
      "threshold_centered_shape_L1_diagnostic_only": [
        0.006291447990625642,
        0.001677899275765216
      ]
    }
  ],
  "pump_probe": [
    {
      "run": "pump_probe_plus",
      "old_window": [
        0.18,
        0.42
      ],
      "labels": [
        [
          1,
          0,
          0
        ],
        [
          2,
          0,
          0
        ],
        [
          2,
          1,
          -1
        ],
        [
          2,
          1,
          0
        ],
        [
          2,
          1,
          1
        ]
      ],
      "old_channel_probabilities": [
        7.876816589766011e-06,
        4.112713491766489e-09,
        5.62649738157811e-10,
        1.71975351466844e-08,
        0.006732914710596083
      ],
      "old_window_total_relative_to_pump": 0.9963249912101262,
      "normalized_old_spectrum_L1": 0.0007160312752548829,
      "ionic_map_predicted_old_probabilities": [
        7.866416511710532e-06,
        5.4953914750499784e-14,
        3.555814981151227e-17,
        0.0,
        0.0067329189929549275
      ],
      "ionic_map_probability_L1_relative": 5.403048141053364e-06
    },
    {
      "run": "pump_probe_minus",
      "old_window": [
        0.18,
        0.42
      ],
      "labels": [
        [
          1,
          0,
          0
        ],
        [
          2,
          0,
          0
        ],
        [
          2,
          1,
          -1
        ],
        [
          2,
          1,
          0
        ],
        [
          2,
          1,
          1
        ]
      ],
      "old_channel_probabilities": [
        7.876816589780428e-06,
        4.112713491765618e-09,
        0.006732914710595742,
        1.7197535146682502e-08,
        5.626497381574861e-10
      ],
      "old_window_total_relative_to_pump": 0.996324991210078,
      "normalized_old_spectrum_L1": 0.0007160312752548424,
      "ionic_map_predicted_old_probabilities": [
        7.866416511724752e-06,
        5.495391491638441e-14,
        0.006732918992954551,
        0.0,
        3.5558149822370106e-17
      ],
      "ionic_map_probability_L1_relative": 5.403048135825716e-06
    },
    {
      "run": "pump_probe_linear",
      "old_window": [
        0.18,
        0.42
      ],
      "labels": [
        [
          1,
          0,
          0
        ],
        [
          2,
          0,
          0
        ],
        [
          2,
          1,
          -1
        ],
        [
          2,
          1,
          0
        ],
        [
          2,
          1,
          1
        ]
      ],
      "old_channel_probabilities": [
        7.411552737610296e-06,
        4.308273712508113e-09,
        5.93203908802492e-10,
        0.006738669285162895,
        5.932039088034201e-10
      ],
      "old_window_total_relative_to_pump": 0.9971043562678307,
      "normalized_old_spectrum_L1": 0.0013415167333915385,
      "ionic_map_predicted_old_probabilities": [
        7.359118231872665e-06,
        1.8655679137999747e-14,
        0.0,
        0.0067391794341573165,
        0.0
      ],
      "ionic_map_probability_L1_relative": 8.396471422631557e-05
    }
  ]
}
