/playpen1/shiqiu/laqphysics-data/convergence_work/code/e9a49ea5447628e9/python/torch_backend.py:21: UserWarning: Sparse invariant checks are implicitly disabled. Memory errors (e.g. SEGFAULT) will occur when operating on a sparse tensor which violates the invariants, but checks incur performance overhead. To silence this warning, explicitly opt in or out. See `torch.sparse.check_sparse_tensor_invariants.__doc__` for guidance.  (Triggered internally at /pytorch/aten/src/ATen/Context.cpp:760.)
  return torch.sparse_csr_tensor(torch.as_tensor(A.indptr.astype(np.int64),device=self.device),
/playpen1/shiqiu/laqphysics-data/convergence_work/code/e9a49ea5447628e9/python/torch_backend.py:21: UserWarning: Sparse CSR tensor support is in beta state. If you miss a functionality in the sparse tensor support, please submit a feature request to https://github.com/pytorch/pytorch/issues. (Triggered internally at /pytorch/aten/src/ATen/SparseCsrTensorImpl.cpp:49.)
  return torch.sparse_csr_tensor(torch.as_tensor(A.indptr.astype(np.int64),device=self.device),
3D 9400/13984, inner norm=0.74167403, Pg=0.73552096, wall=58.2s
3D 9600/13984, inner norm=0.73827262, Pg=0.73310542, wall=120.3s
3D 9800/13984, inner norm=0.73543841, Pg=0.73122175, wall=177.9s
3D 10000/13984, inner norm=0.73311916, Pg=0.72982654, wall=235.0s
3D 10200/13984, inner norm=0.73125903, Pg=0.72870947, wall=292.5s
3D 10400/13984, inner norm=0.72980031, Pg=0.72784409, wall=350.0s
3D 10600/13984, inner norm=0.72868524, Pg=0.72725791, wall=414.7s
3D 10800/13984, inner norm=0.72785753, Pg=0.72686487, wall=478.2s
3D 11000/13984, inner norm=0.72726377, Pg=0.72658885, wall=550.3s
3D 11200/13984, inner norm=0.72685472, Pg=0.72641740, wall=689.6s
3D 11400/13984, inner norm=0.72658636, Pg=0.72632607, wall=805.6s
3D 11600/13984, inner norm=0.72642062, Pg=0.72627795, wall=883.1s
3D 11800/13984, inner norm=0.72632584, Pg=0.72625486, wall=943.8s
3D 12000/13984, inner norm=0.72627689, Pg=0.72624687, wall=1034.5s
3D 12200/13984, inner norm=0.72625494, Pg=0.72624494, wall=1173.6s
3D 12400/13984, inner norm=0.72624697, Pg=0.72624466, wall=1315.6s
3D 12600/13984, inner norm=0.72624493, Pg=0.72624465, wall=1450.5s
3D 12800/13984, inner norm=0.72624466, Pg=0.72624465, wall=1545.0s
3D 13000/13984, inner norm=0.72624465, Pg=0.72624465, wall=1642.2s
3D 13200/13984, inner norm=0.72624465, Pg=0.72624465, wall=1737.7s
3D 13400/13984, inner norm=0.72624465, Pg=0.72624465, wall=1833.3s
3D 13600/13984, inner norm=0.72624465, Pg=0.72624465, wall=1931.5s
3D 13800/13984, inner norm=0.72624465, Pg=0.72624465, wall=2028.7s
3D 13984/13984, inner norm=0.72624465, Pg=0.72624465, wall=2118.7s
PROPAGATED inner14
