{
  "weak_calibration_run": "3d_dt_refined",
  "weak_ground_population": 0.9998744485320925,
  "dg_flat_from_depletion": 0.5044169302242776,
  "d12_from_same_radial_grid": 0.37246491082058797,
  "ionic_energies": [
    -2.000003708571962,
    -0.5000009349296403
  ],
  "numerical_ground_energy": -2.8972353187832827,
  "weak_source_center": 0.6027683897886793,
  "energy": [
    0.485,
    0.49,
    0.495,
    0.5,
    0.505,
    0.51,
    0.515,
    0.52,
    0.525,
    0.53,
    0.535,
    0.54,
    0.5449999999999999,
    0.55,
    0.5549999999999999,
    0.56,
    0.565,
    0.5700000000000001,
    0.575,
    0.5800000000000001,
    0.585,
    0.5900000000000001,
    0.595,
    0.6000000000000001,
    0.605,
    0.61,
    0.615,
    0.62,
    0.625,
    0.63,
    0.635,
    0.64,
    0.645,
    0.65,
    0.655,
    0.66,
    0.665,
    0.6699999999999999,
    0.675,
    0.6799999999999999,
    0.685,
    0.69,
    0.6950000000000001,
    0.7,
    0.7050000000000001,
    0.71,
    0.7150000000000001,
    0.72
  ],
  "dg_magnitude_from_weak_spectrum": [
    0.5580139267596834,
    0.5547013573858331,
    0.5514481808305035,
    0.5482567769289532,
    0.5451334007007544,
    0.5420868152856119,
    0.5391263003828847,
    0.5362594857357672,
    0.5334904673681029,
    0.5308185825920039,
    0.5282380689389068,
    0.52573864544525,
    0.5233068711066626,
    0.5209279910455914,
    0.5185879019971266,
    0.5162748660988138,
    0.5139806707889256,
    0.5117010547574653,
    0.5094353688770578,
    0.5071855876297325,
    0.5049549039411209,
    0.50274620838636,
    0.5005607619272423,
    0.49839732033318396,
    0.49625186983171204,
    0.49411800766726394,
    0.4919878731738881,
    0.4898534293749683,
    0.4877078313950624,
    0.48554660660893273,
    0.48336841262490576,
    0.48117522344472036,
    0.4789719047551895,
    0.4767652556200553,
    0.4745626947639363,
    0.47237083704881144,
    0.4701942274213492,
    0.468034471452718,
    0.4658899286085883,
    0.4637560300747657,
    0.4616261669048406,
    0.4594929882803884,
    0.45734987347582773,
    0.45519230843453706,
    0.45301891409532286,
    0.45083193530895893,
    0.44863709514650724,
    0.4464428328635182
  ],
  "limitations": "weak-pulse calibration on a truncated 3D model; absolute physical He cross section not converged",
  "strong_run": "3d_resonant_small",
  "strong_comparison": {
    "tdse_probabilities": [
      0.13194254609479109,
      0.13632728375233244
    ],
    "esss_probabilities": [
      0.13572453827861142,
      0.1397482470610127
    ],
    "shape_L1": [
      0.010591673142224211,
      0.013493579170218763
    ],
    "absolute_spectrum_L1_relative_error": [
      0.027958449513305898,
      0.024479569869822828
    ]
  }
}
