{
  "panels": [
    {
      "cycles": 60,
      "ground_population": 0.8916134461543184,
      "continuum_window_probability": 0.10838487319705016,
      "balance_error": 1.6806486314718816e-06,
      "peak_energies": [
        [
          0.5963333333333333
        ],
        [
          0.5963333333333333
        ]
      ],
      "ode_max_amplitude_error": 1.1421325414406234e-11,
      "entanglement": {
        "sector_probability": 0.10838488149766073,
        "purity": 0.761510842031382,
        "entropy_bits": 0.5800300281631858,
        "negativity_pure": 0.3453180837782892
      }
    },
    {
      "cycles": 120,
      "ground_population": 0.7949745373631796,
      "continuum_window_probability": 0.20502537238460797,
      "balance_error": 9.025221245351212e-08,
      "peak_energies": [
        [
          0.5833333333333333,
          0.6093333333333333
        ],
        [
          0.5963333333333333
        ]
      ],
      "ode_max_amplitude_error": 5.335837890185225e-12,
      "entanglement": {
        "sector_probability": 0.20502537265268717,
        "purity": 0.5183660155914905,
        "entropy_bits": 0.9733387969592107,
        "negativity_pure": 0.4907310793135635
      }
    },
    {
      "cycles": 180,
      "ground_population": 0.7088099868633193,
      "continuum_window_probability": 0.29118999666147083,
      "balance_error": 1.6475209863031637e-08,
      "peak_energies": [
        [
          0.5861666666666666,
          0.6063333333333333
        ],
        [
          0.5861666666666666,
          0.6063333333333333
        ]
      ],
      "ode_max_amplitude_error": 3.450844981551011e-12,
      "entanglement": {
        "sector_probability": 0.2911899967399856,
        "purity": 0.5060421895341738,
        "entropy_bits": 0.9912653210418328,
        "negativity_pure": 0.4969697226521079
      }
    },
    {
      "cycles": 360,
      "ground_population": 0.5024115974771789,
      "continuum_window_probability": 0.4975884016278677,
      "balance_error": 8.949533891744466e-10,
      "peak_energies": [
        [
          0.5858333333333333,
          0.6066666666666667
        ],
        [
          0.586,
          0.5963333333333333,
          0.6065
        ]
      ],
      "ode_max_amplitude_error": 1.791930812984984e-12,
      "entanglement": {
        "sector_probability": 0.497588401634221,
        "purity": 0.5005338371192087,
        "entropy_bits": 0.9992296987295065,
        "negativity_pure": 0.49973301015681937
      }
    }
  ],
  "physics_controls": {
    "local_unitary_marginal_error": 5.551115123125783e-17,
    "local_unitary_conditional_change": 0.02276964262634823,
    "d12_3d": 0.37246776951390165,
    "d12_1d": 0.4823,
    "rabi_frequency_3d": 0.01988977889204235,
    "expected_one_photon_energy": 0.5962756229999999,
    "two_photon_2p_to_3d_sigma_minus": 0.0,
    "two_photon_2p_to_3p_sigma_minus_bound_intermediates": -1.716984223154459,
    "note": "Nonzero two-photon amplitude uses bound intermediates only; not a quantitative transition rate.",
    "dephasing": [
      {
        "gamma_times_duration": 0,
        "negativity": 0.49647700235158465,
        "electron_marginal_max_change": 5.551115123125783e-17
      },
      {
        "gamma_times_duration": 0.2,
        "negativity": 0.40620037781962326,
        "electron_marginal_max_change": 5.551115123125783e-17
      },
      {
        "gamma_times_duration": 0.5,
        "negativity": 0.30061802783409597,
        "electron_marginal_max_change": 5.551115123125783e-17
      },
      {
        "gamma_times_duration": 1,
        "negativity": 0.18206020576857418,
        "electron_marginal_max_change": 5.551115123125783e-17
      },
      {
        "gamma_times_duration": 2,
        "negativity": 0.06683790462092887,
        "electron_marginal_max_change": 5.551115123125783e-17
      },
      {
        "gamma_times_duration": 5,
        "negativity": 0.0033225190497281343,
        "electron_marginal_max_change": 5.551115123125783e-17
      },
      {
        "gamma_times_duration": 20,
        "negativity": 1.016275064102956e-09,
        "electron_marginal_max_change": 5.551115123125783e-17
      }
    ]
  }
}
